// Jest Snapshot v1, https://goo.gl/fbAQLP

exports[`component: history item matches snapshot 1`] = `
<DocumentFragment>
  <div
    aria-label="1+1=2"
    class="mb-4 text-right cursor-pointer"
    role="presentation"
  >
    <p
      class="text-sm"
    >
      1 + 1 =
    </p>
    <p
      class="text-2xl font-bold"
    >
      2
    </p>
  </div>
</DocumentFragment>
`;
